src/components/Contact.tsx(4,24): error TS2792: Cannot find module 'framer-motion'. Did you mean to set the 'moduleResolution' option to 'nodenext', or to add aliases to the 'paths' option?
src/components/Contact.tsx(5,63): error TS2792: Cannot find module 'react-icons/fi'. Did you mean to set the 'moduleResolution' option to 'nodenext', or to add aliases to the 'paths' option?
src/components/Contact.tsx(43,5): error TS2339: Property 'section' does not exist on type 'JSX.IntrinsicElements'.
src/components/Contact.tsx(44,7): error TS2339: Property 'div' does not exist on type 'JSX.IntrinsicElements'.
src/components/Contact.tsx(53,11): error TS2339: Property 'p' does not exist on type 'JSX.IntrinsicElements'.
src/components/Contact.tsx(53,47): error TS2339: Property 'p' does not exist on type 'JSX.IntrinsicElements'.
src/components/Contact.tsx(54,11): error TS2339: Property 'h2' does not exist on type 'JSX.IntrinsicElements'.
src/components/Contact.tsx(55,24): error TS2339: Property 'span' does not exist on type 'JSX.IntrinsicElements'.
src/components/Contact.tsx(55,69): error TS2339: Property 'span' does not exist on type 'JSX.IntrinsicElements'.
src/components/Contact.tsx(56,11): error TS2339: Property 'h2' does not exist on type 'JSX.IntrinsicElements'.
src/components/Contact.tsx(57,11): error TS2339: Property 'p' does not exist on type 'JSX.IntrinsicElements'.
src/components/Contact.tsx(60,11): error TS2339: Property 'p' does not exist on type 'JSX.IntrinsicElements'.
src/components/Contact.tsx(63,9): error TS2339: Property 'div' does not exist on type 'JSX.IntrinsicElements'.
src/components/Contact.tsx(71,14): error TS2304: Cannot find name 'AnimatePresence'.
src/components/Contact.tsx(81,19): error TS2339: Property 'div' does not exist on type 'JSX.IntrinsicElements'.
src/components/Contact.tsx(82,21): error TS2339: Property 'div' does not exist on type 'JSX.IntrinsicElements'.
src/components/Contact.tsx(83,23): error TS2339: Property 'label' does not exist on type 'JSX.IntrinsicElements'.
src/components/Contact.tsx(83,80): error TS2339: Property 'label' does not exist on type 'JSX.IntrinsicElements'.
src/components/Contact.tsx(84,23): error TS2339: Property 'input' does not exist on type 'JSX.IntrinsicElements'.
src/components/Contact.tsx(93,21): error TS2339: Property 'div' does not exist on type 'JSX.IntrinsicElements'.
src/components/Contact.tsx(94,21): error TS2339: Property 'div' does not exist on type 'JSX.IntrinsicElements'.
src/components/Contact.tsx(95,23): error TS2339: Property 'label' does not exist on type 'JSX.IntrinsicElements'.
src/components/Contact.tsx(95,81): error TS2339: Property 'label' does not exist on type 'JSX.IntrinsicElements'.
src/components/Contact.tsx(96,23): error TS2339: Property 'input' does not exist on type 'JSX.IntrinsicElements'.
src/components/Contact.tsx(105,21): error TS2339: Property 'div' does not exist on type 'JSX.IntrinsicElements'.
src/components/Contact.tsx(106,19): error TS2339: Property 'div' does not exist on type 'JSX.IntrinsicElements'.
src/components/Contact.tsx(107,19): error TS2339: Property 'div' does not exist on type 'JSX.IntrinsicElements'.
src/components/Contact.tsx(108,21): error TS2339: Property 'label' does not exist on type 'JSX.IntrinsicElements'.
src/components/Contact.tsx(108,81): error TS2339: Property 'label' does not exist on type 'JSX.IntrinsicElements'.
src/components/Contact.tsx(109,21): error TS2339: Property 'textarea' does not exist on type 'JSX.IntrinsicElements'.
src/components/Contact.tsx(118,19): error TS2339: Property 'div' does not exist on type 'JSX.IntrinsicElements'.
src/components/Contact.tsx(119,19): error TS2339: Property 'button' does not exist on type 'JSX.IntrinsicElements'.
src/components/Contact.tsx(124,19): error TS2339: Property 'button' does not exist on type 'JSX.IntrinsicElements'.
src/components/Contact.tsx(133,19): error TS2339: Property 'div' does not exist on type 'JSX.IntrinsicElements'.
src/components/Contact.tsx(135,19): error TS2339: Property 'div' does not exist on type 'JSX.IntrinsicElements'.
src/components/Contact.tsx(136,19): error TS2339: Property 'h3' does not exist on type 'JSX.IntrinsicElements'.
src/components/Contact.tsx(136,82): error TS2339: Property 'h3' does not exist on type 'JSX.IntrinsicElements'.
src/components/Contact.tsx(137,19): error TS2339: Property 'p' does not exist on type 'JSX.IntrinsicElements'.
src/components/Contact.tsx(139,19): error TS2339: Property 'p' does not exist on type 'JSX.IntrinsicElements'.
src/components/Contact.tsx(140,19): error TS2339: Property 'button' does not exist on type 'JSX.IntrinsicElements'.
src/components/Contact.tsx(145,19): error TS2339: Property 'button' does not exist on type 'JSX.IntrinsicElements'.
src/components/Contact.tsx(148,15): error TS2304: Cannot find name 'AnimatePresence'.
src/components/Contact.tsx(159,13): error TS2339: Property 'p' does not exist on type 'JSX.IntrinsicElements'.
src/components/Contact.tsx(159,76): error TS2339: Property 'p' does not exist on type 'JSX.IntrinsicElements'.
src/components/Contact.tsx(161,15): error TS2339: Property 'a' does not exist on type 'JSX.IntrinsicElements'.
src/components/Contact.tsx(168,17): error TS2339: Property 'div' does not exist on type 'JSX.IntrinsicElements'.
src/components/Contact.tsx(170,17): error TS2339: Property 'div' does not exist on type 'JSX.IntrinsicElements'.
src/components/Contact.tsx(171,17): error TS2339: Property 'div' does not exist on type 'JSX.IntrinsicElements'.
src/components/Contact.tsx(172,19): error TS2339: Property 'div' does not exist on type 'JSX.IntrinsicElements'.
src/components/Contact.tsx(172,79): error TS2339: Property 'div' does not exist on type 'JSX.IntrinsicElements'.
src/components/Contact.tsx(173,19): error TS2339: Property 'div' does not exist on type 'JSX.IntrinsicElements'.
src/components/Contact.tsx(175,19): error TS2339: Property 'div' does not exist on type 'JSX.IntrinsicElements'.
src/components/Contact.tsx(176,17): error TS2339: Property 'div' does not exist on type 'JSX.IntrinsicElements'.
src/components/Contact.tsx(177,15): error TS2339: Property 'a' does not exist on type 'JSX.IntrinsicElements'.
src/components/Contact.tsx(181,13): error TS2339: Property 'div' does not exist on type 'JSX.IntrinsicElements'.
src/components/Contact.tsx(182,15): error TS2339: Property 'p' does not exist on type 'JSX.IntrinsicElements'.
src/components/Contact.tsx(182,75): error TS2339: Property 'p' does not exist on type 'JSX.IntrinsicElements'.
src/components/Contact.tsx(183,15): error TS2339: Property 'p' does not exist on type 'JSX.IntrinsicElements'.
src/components/Contact.tsx(185,15): error TS2339: Property 'p' does not exist on type 'JSX.IntrinsicElements'.
src/components/Contact.tsx(186,15): error TS2339: Property 'a' does not exist on type 'JSX.IntrinsicElements'.
src/components/Contact.tsx(188,15): error TS2339: Property 'a' does not exist on type 'JSX.IntrinsicElements'.
src/components/Contact.tsx(189,13): error TS2339: Property 'div' does not exist on type 'JSX.IntrinsicElements'.
src/components/Contact.tsx(191,9): error TS2339: Property 'div' does not exist on type 'JSX.IntrinsicElements'.
src/components/Contact.tsx(192,7): error TS2339: Property 'div' does not exist on type 'JSX.IntrinsicElements'.
src/components/Contact.tsx(193,5): error TS2339: Property 'section' does not exist on type 'JSX.IntrinsicElements'.
src/components/Skills.tsx(3,24): error TS2792: Cannot find module 'framer-motion'. Did you mean to set the 'moduleResolution' option to 'nodenext', or to add aliases to the 'paths' option?
src/components/Skills.tsx(10,8): error TS2792: Cannot find module 'react-icons/si'. Did you mean to set the 'moduleResolution' option to 'nodenext', or to add aliases to the 'paths' option?
src/components/Skills.tsx(11,24): error TS2792: Cannot find module 'react-icons/fa'. Did you mean to set the 'moduleResolution' option to 'nodenext', or to add aliases to the 'paths' option?
src/components/Skills.tsx(12,28): error TS2792: Cannot find module 'react-icons/tb'. Did you mean to set the 'moduleResolution' option to 'nodenext', or to add aliases to the 'paths' option?
src/components/Skills.tsx(63,5): error TS2339: Property 'section' does not exist on type 'JSX.IntrinsicElements'.
src/components/Skills.tsx(64,7): error TS2339: Property 'div' does not exist on type 'JSX.IntrinsicElements'.
src/components/Skills.tsx(72,11): error TS2339: Property 'p' does not exist on type 'JSX.IntrinsicElements'.
src/components/Skills.tsx(72,50): error TS2339: Property 'p' does not exist on type 'JSX.IntrinsicElements'.
src/components/Skills.tsx(73,11): error TS2339: Property 'h2' does not exist on type 'JSX.IntrinsicElements'.
src/components/Skills.tsx(74,26): error TS2339: Property 'span' does not exist on type 'JSX.IntrinsicElements'.
src/components/Skills.tsx(74,62): error TS2339: Property 'span' does not exist on type 'JSX.IntrinsicElements'.
src/components/Skills.tsx(75,11): error TS2339: Property 'h2' does not exist on type 'JSX.IntrinsicElements'.
src/components/Skills.tsx(76,11): error TS2339: Property 'p' does not exist on type 'JSX.IntrinsicElements'.
src/components/Skills.tsx(78,11): error TS2339: Property 'p' does not exist on type 'JSX.IntrinsicElements'.
src/components/Skills.tsx(81,9): error TS2339: Property 'div' does not exist on type 'JSX.IntrinsicElements'.
src/components/Skills.tsx(90,15): error TS2339: Property 'h3' does not exist on type 'JSX.IntrinsicElements'.
src/components/Skills.tsx(92,15): error TS2339: Property 'h3' does not exist on type 'JSX.IntrinsicElements'.
src/components/Skills.tsx(93,15): error TS2339: Property 'div' does not exist on type 'JSX.IntrinsicElements'.
src/components/Skills.tsx(103,21): error TS2339: Property 'span' does not exist on type 'JSX.IntrinsicElements'.
src/components/Skills.tsx(108,21): error TS2339: Property 'span' does not exist on type 'JSX.IntrinsicElements'.
src/components/Skills.tsx(109,21): error TS2339: Property 'span' does not exist on type 'JSX.IntrinsicElements'.
src/components/Skills.tsx(111,21): error TS2339: Property 'span' does not exist on type 'JSX.IntrinsicElements'.
src/components/Skills.tsx(114,15): error TS2339: Property 'div' does not exist on type 'JSX.IntrinsicElements'.
src/components/Skills.tsx(117,9): error TS2339: Property 'div' does not exist on type 'JSX.IntrinsicElements'.
src/components/Skills.tsx(118,7): error TS2339: Property 'div' does not exist on type 'JSX.IntrinsicElements'.
src/components/Skills.tsx(119,5): error TS2339: Property 'section' does not exist on type 'JSX.IntrinsicElements'.
